------------------------------------------------------------
Timing Analyzer Summary
------------------------------------------------------------

Type  : Slow 1100mV 85C Model Setup 'KEY[0]'
Slack : -1.796
TNS   : -24.875

Type  : Slow 1100mV 85C Model Hold 'KEY[0]'
Slack : 0.817
TNS   : 0.000

Type  : Slow 1100mV 85C Model Minimum Pulse Width 'KEY[0]'
Slack : -0.538
TNS   : -12.074

Type  : Slow 1100mV 0C Model Setup 'KEY[0]'
Slack : -1.778
TNS   : -24.559

Type  : Slow 1100mV 0C Model Hold 'KEY[0]'
Slack : 0.879
TNS   : 0.000

Type  : Slow 1100mV 0C Model Minimum Pulse Width 'KEY[0]'
Slack : -0.538
TNS   : -10.857

Type  : Fast 1100mV 85C Model Setup 'KEY[0]'
Slack : -0.283
TNS   : -3.894

Type  : Fast 1100mV 85C Model Hold 'KEY[0]'
Slack : 0.302
TNS   : 0.000

Type  : Fast 1100mV 85C Model Minimum Pulse Width 'KEY[0]'
Slack : -0.394
TNS   : -6.540

Type  : Fast 1100mV 0C Model Setup 'KEY[0]'
Slack : -0.190
TNS   : -2.596

Type  : Fast 1100mV 0C Model Hold 'KEY[0]'
Slack : 0.295
TNS   : 0.000

Type  : Fast 1100mV 0C Model Minimum Pulse Width 'KEY[0]'
Slack : -0.436
TNS   : -8.008

------------------------------------------------------------
