------------------------------------------------------------
Timing Analyzer Summary
------------------------------------------------------------

Type  : Slow 1100mV 85C Model Setup 'KEY[0]'
Slack : -1.417
TNS   : -6.903

Type  : Slow 1100mV 85C Model Hold 'KEY[0]'
Slack : 0.455
TNS   : 0.000

Type  : Slow 1100mV 85C Model Recovery 'KEY[0]'
Slack : -0.888
TNS   : -3.544

Type  : Slow 1100mV 85C Model Removal 'KEY[0]'
Slack : 1.174
TNS   : 0.000

Type  : Slow 1100mV 85C Model Minimum Pulse Width 'KEY[0]'
Slack : -0.538
TNS   : -8.606

Type  : Slow 1100mV 0C Model Setup 'KEY[0]'
Slack : -1.373
TNS   : -7.109

Type  : Slow 1100mV 0C Model Hold 'KEY[0]'
Slack : 0.427
TNS   : 0.000

Type  : Slow 1100mV 0C Model Recovery 'KEY[0]'
Slack : -0.883
TNS   : -3.522

Type  : Slow 1100mV 0C Model Removal 'KEY[0]'
Slack : 1.085
TNS   : 0.000

Type  : Slow 1100mV 0C Model Minimum Pulse Width 'KEY[0]'
Slack : -0.538
TNS   : -7.811

Type  : Fast 1100mV 85C Model Setup 'KEY[0]'
Slack : -0.055
TNS   : -0.218

Type  : Fast 1100mV 85C Model Hold 'KEY[0]'
Slack : 0.181
TNS   : 0.000

Type  : Fast 1100mV 85C Model Recovery 'KEY[0]'
Slack : 0.137
TNS   : 0.000

Type  : Fast 1100mV 85C Model Removal 'KEY[0]'
Slack : 0.540
TNS   : 0.000

Type  : Fast 1100mV 85C Model Minimum Pulse Width 'KEY[0]'
Slack : -0.396
TNS   : -4.838

Type  : Fast 1100mV 0C Model Setup 'KEY[0]'
Slack : 0.025
TNS   : 0.000

Type  : Fast 1100mV 0C Model Hold 'KEY[0]'
Slack : 0.171
TNS   : 0.000

Type  : Fast 1100mV 0C Model Recovery 'KEY[0]'
Slack : 0.191
TNS   : 0.000

Type  : Fast 1100mV 0C Model Removal 'KEY[0]'
Slack : 0.481
TNS   : 0.000

Type  : Fast 1100mV 0C Model Minimum Pulse Width 'KEY[0]'
Slack : -0.437
TNS   : -5.915

------------------------------------------------------------
